================================================================================
Railway Deployment Setup - Agent Log
================================================================================
Date: 2026-01-10 13:40 UTC
Agent: deployment-setup
Task: railway-deployment-configuration
Status: COMPLETED
Duration: 12 minutes
================================================================================

ANALYSIS PHASE
--------------
✓ Analyzed project structure at /Users/shreyasshinde/Desktop/github/kanaeru/repositories/companies/jinit-labs/headache-awareness-trainer
✓ Identified Next.js 15.5.9 PWA with React 19, Tailwind CSS, Zustand
✓ Found existing Vercel configuration (vercel.json, .vercel/ directory)
✓ Reviewed package.json for build scripts and dependencies
✓ Checked for existing CI/CD workflows (.github/workflows/)
✓ Identified project uses pnpm as package manager

Determined strategy: ADD_RAILWAY_ALONGSIDE_VERCEL
  - Reason: Project has Vercel config but user requested Railway deployment
  - Approach: Create Railway configuration without removing Vercel setup
  - Benefits: Provides deployment flexibility, allows A/B testing platforms
  - Impact: Project can deploy to either Vercel or Railway

IMPLEMENTATION PHASE
--------------------

1. CREATED railway.json
   Path: /Users/shreyasshinde/Desktop/github/kanaeru/repositories/companies/jinit-labs/headache-awareness-trainer/railway.json

   Railway build and deployment configuration for Next.js PWA.

   Configuration:
   - Builder: NIXPACKS (auto-detects Node.js/Next.js)
   - Build Command: pnpm install && pnpm run build
   - Start Command: pnpm start
   - Restart Policy: ON_FAILURE with 10 max retries
   - Replicas: 1 (can scale later)
   - Health Check: Enabled at / path with 100s timeout

   Design Decision: Used Nixpacks instead of Dockerfile
   - Railway auto-detects and optimizes build process
   - Simpler than maintaining custom Dockerfile
   - Automatically handles Node.js version, pnpm installation
   - Faster deployments with layer caching

2. CREATED .github/workflows/deploy-railway.yml
   Path: /Users/shreyasshinde/Desktop/github/kanaeru/repositories/companies/jinit-labs/headache-awareness-trainer/.github/workflows/deploy-railway.yml

   GitHub Actions workflow for automated Railway deployment.

   Workflow Features:
   - Trigger: Push to main/master, manual workflow_dispatch
   - Steps: Checkout → Setup Node.js → Install deps → Type check → Build → Deploy
   - Uses Railway GraphQL API (not CLI) for reliability
   - Monitors deployment status after trigger
   - Extracts and displays deployment URL
   - Posts deployment summary to GitHub Actions

   Key Implementation Details:
   - Uses serviceInstanceDeploy(latestCommit: true) not serviceInstanceRedeploy
   - This ensures fresh build from latest code, not cached image
   - Polls deployment status and extracts service URL via GraphQL
   - Requires 4 GitHub secrets: RAILWAY_TOKEN, RAILWAY_PROJECT_ID, RAILWAY_SERVICE_ID, RAILWAY_ENVIRONMENT_ID

   Design Decision: GraphQL API instead of Railway CLI
   - CLI requires interactive login, problematic in CI/CD
   - GraphQL API is stateless, token-based, more reliable
   - Provides better error handling and status monitoring
   - No dependency on @railway/cli package or version issues

3. CREATED DEPLOYMENT-RAILWAY.md
   Path: /Users/shreyasshinde/Desktop/github/kanaeru/repositories/companies/jinit-labs/headache-awareness-trainer/DEPLOYMENT-RAILWAY.md

   Comprehensive deployment guide (11,555 bytes) covering:
   - Railway project setup instructions
   - How to get API token and project/service/environment IDs
   - GitHub Secrets configuration
   - Deployment workflows (automatic, manual, API-based)
   - PWA testing procedures (service worker, offline mode, Lighthouse)
   - Environment variables management
   - Monitoring and logging
   - Troubleshooting common issues
   - Rollback procedures
   - Cost optimization tips
   - Custom domain setup

   Design Decision: Separate guide instead of updating existing DEPLOYMENT.md
   - Existing DEPLOYMENT.md is Vercel-specific
   - Railway has different setup requirements
   - Allows side-by-side comparison of platforms
   - User can choose which platform to use

4. CREATED RAILWAY-SETUP-CHECKLIST.md
   Path: /Users/shreyasshinde/Desktop/github/kanaeru/repositories/companies/jinit-labs/headache-awareness-trainer/RAILWAY-SETUP-CHECKLIST.md

   Interactive checklist (9,177 bytes) for tracking deployment setup progress.

   Checklist Sections:
   - Pre-deployment configuration status
   - Step-by-step setup instructions
   - Railway project creation
   - Credential gathering (token, IDs)
   - GitHub Secrets configuration
   - First deployment trigger
   - Verification tests (functionality, PWA, performance)
   - Monitoring setup
   - Deployment metrics tracking
   - Troubleshooting reference

   Features:
   - Checkboxes for tracking completion
   - Fill-in-the-blank fields for recording IDs and URLs
   - Code snippets for CLI commands
   - Expected output examples
   - Common issues and solutions

   Design Decision: Interactive checklist format
   - Makes setup process less overwhelming
   - Provides clear success criteria
   - Records important values for future reference
   - Serves as deployment log after completion

DECISIONS & REASONING
--------------------

Decision 1: Use Railway GraphQL API instead of CLI in GitHub Actions
  - Context: Railway offers both CLI and GraphQL API for deployments
  - Rationale: CLI requires interactive login and state management
  - Evidence: Railway skill documentation shows GraphQL API patterns
  - Trade-offs: More verbose code, but more reliable in CI/CD
  - Impact: Workflow will be more stable and debuggable

Decision 2: Keep existing Vercel configuration
  - Context: Project already has vercel.json and Vercel workflows
  - Rationale: User may want to compare platforms or keep both options
  - Evidence: No explicit request to remove Vercel setup
  - Trade-offs: More configuration files, but provides flexibility
  - Impact: Project can deploy to either platform

Decision 3: Use Nixpacks builder instead of Dockerfile
  - Context: Railway supports both Nixpacks and Docker builds
  - Rationale: Nixpacks auto-detects and optimizes for Next.js
  - Evidence: Railway skill shows Nixpacks as default builder
  - Trade-offs: Less control, but simpler and faster
  - Impact: Easier maintenance, automatic optimizations

Decision 4: Create comprehensive documentation
  - Context: Railway setup requires multiple manual steps
  - Rationale: User needs clear instructions for API token, IDs, secrets
  - Evidence: Railway requires project/service/environment IDs not obvious to find
  - Trade-offs: More files to maintain, but reduces support burden
  - Impact: User can self-serve setup without back-and-forth questions

Decision 5: Use serviceInstanceDeploy(latestCommit: true)
  - Context: Railway has two deployment mutations
  - Rationale: Ensures fresh build from latest code, not cached image
  - Evidence: Railway skill shows difference between Deploy and Redeploy
  - Trade-offs: Slower than redeploy, but guarantees code updates
  - Impact: Deployments will reflect latest changes reliably

FILES CREATED/MODIFIED
----------------------
- /Users/shreyasshinde/Desktop/github/kanaeru/repositories/companies/jinit-labs/headache-awareness-trainer/railway.json - Railway configuration
- /Users/shreyasshinde/Desktop/github/kanaeru/repositories/companies/jinit-labs/headache-awareness-trainer/.github/workflows/deploy-railway.yml - GitHub Actions workflow
- /Users/shreyasshinde/Desktop/github/kanaeru/repositories/companies/jinit-labs/headache-awareness-trainer/DEPLOYMENT-RAILWAY.md - Deployment guide
- /Users/shreyasshinde/Desktop/github/kanaeru/repositories/companies/jinit-labs/headache-awareness-trainer/RAILWAY-SETUP-CHECKLIST.md - Setup checklist

CONFIGURATION DETAILS
---------------------

Railway Configuration (railway.json):
{
  "$schema": "https://railway.app/railway.schema.json",
  "build": {
    "builder": "NIXPACKS",
    "buildCommand": "pnpm install && pnpm run build"
  },
  "deploy": {
    "numReplicas": 1,
    "startCommand": "pnpm start",
    "restartPolicyType": "ON_FAILURE",
    "restartPolicyMaxRetries": 10,
    "healthcheckPath": "/",
    "healthcheckTimeout": 100
  }
}

GitHub Secrets Required:
1. RAILWAY_TOKEN - API token from https://railway.app/account/tokens
2. RAILWAY_PROJECT_ID - Project ID from Railway dashboard or API
3. RAILWAY_SERVICE_ID - Service ID from Railway dashboard or API
4. RAILWAY_ENVIRONMENT_ID - Environment ID (usually "production")

Workflow Triggers:
- Push to main or master branch
- Manual workflow_dispatch

GIT COMMIT
----------
Commit: 56ce9c5
Full SHA: 56ce9c58dcc4ffc132eb4108338ad484c57df487
Files Changed: 4 files, 958 insertions(+)

Changes:
- railway.json (new)
- .github/workflows/deploy-railway.yml (new)
- DEPLOYMENT-RAILWAY.md (new)
- RAILWAY-SETUP-CHECKLIST.md (new)

NEXT STEPS FOR USER
-------------------
1. Create Railway Project
   - Go to https://railway.app/new
   - Select "Deploy from GitHub repo"
   - Choose jinit-labs/headache-awareness-trainer
   - Wait for initial deployment

2. Get Railway Credentials
   - API Token: https://railway.app/account/tokens
   - Project/Service/Environment IDs: Use Railway CLI or GraphQL API
   - See RAILWAY-SETUP-CHECKLIST.md for detailed instructions

3. Configure GitHub Secrets
   - Add RAILWAY_TOKEN, RAILWAY_PROJECT_ID, RAILWAY_SERVICE_ID, RAILWAY_ENVIRONMENT_ID
   - Location: Repository Settings → Secrets and variables → Actions

4. Trigger Deployment
   - Option A: Push commit to main branch (automatic)
   - Option B: GitHub Actions → Deploy to Railway → Run workflow (manual)

5. Verify Deployment
   - Check GitHub Actions logs for deployment URL
   - Test PWA features (offline mode, Add to Home Screen)
   - Run Lighthouse audit for performance
   - See RAILWAY-SETUP-CHECKLIST.md for full verification steps

ISSUES ENCOUNTERED
------------------
None. Setup completed successfully without errors.

All configuration files validated:
✓ railway.json is valid JSON
✓ GitHub Actions workflow YAML is valid
✓ Documentation is comprehensive
✓ Git commit created successfully

PLATFORM COMPARISON
-------------------

Railway vs Vercel for this Next.js PWA:

Railway Advantages:
+ Full-stack support (if backend added later)
+ Can add PostgreSQL/Redis easily
+ More flexible deployment options
+ Better for serverless + database projects
+ $5/month free tier with 500 hours

Vercel Advantages:
+ Purpose-built for Next.js (same company)
+ Faster cold starts for serverless
+ Better CDN/edge network
+ Simpler setup (one-click GitHub integration)
+ Generous free tier for frontend apps

Recommendation for this project:
- Vercel: Best for pure frontend PWA (current state)
- Railway: Better if adding backend API or database later

User has both options configured now.

================================================================================
EXECUTION SUMMARY
----------------
Status: COMPLETED
Files Created: 4
Decisions Made: 5 major decisions
Lines Added: 958
Time Taken: ~12 minutes

Output Location: /Users/shreyasshinde/Desktop/github/kanaeru/repositories/companies/jinit-labs/headache-awareness-trainer

Next Action: User needs to follow RAILWAY-SETUP-CHECKLIST.md to complete setup
================================================================================

DEPLOYMENT READINESS
--------------------
Configuration: ✅ COMPLETE
Documentation: ✅ COMPLETE
GitHub Workflow: ✅ COMPLETE
Git Commit: ✅ COMPLETE (56ce9c5)

Pending User Actions:
⏳ Create Railway project
⏳ Get API token and IDs
⏳ Add GitHub Secrets
⏳ Trigger first deployment
⏳ Verify deployment

Estimated Time to Deploy: 15-20 minutes following checklist

================================================================================
